<html>
  <head>
      
  </head>
  <body>
    <p style="color: red; counter-reset: li;">Cool!</p>
  </body>
</html>
