<html>
<head>
    
</head>
<body>
<a style="font-family: bold !important;">hello</a>
</body>
</html>
