<html>
<head>
    <style>
a:hover {
  color: red;
}
a:active {
  color: red;
}
a:focus {
  color: red;
}
a:visited {
  color: red;
}
a:link {
  color: red;
}
</style>
</head>
<body>
    <a class="my-link" href="#" style="color: blue;">hover me</a>
</body>
</html>
