<html><body>
<ul>
  <li style="display: block; color: #f00;">
    <ul>
      <li style="display: block; color: #f00;">
        <ul>
          <li style="display: block; color: #f00;"></li>
        </ul>
      </li>
    </ul>
  </li>
</ul>
</body></html>
