<html><body>
<div class="woot" style="overflow: hidden;">Test</div>
<div class="woot" style="overflow: hidden;">Test</div>
</body></html>
