<html><body>
<p id="test" class="woot" style="border: 1px solid #f00; display: inline-block;">Woot</p>
</body></html>
