<html><body>
<p style="background: url(/woot);">woot</p>
</body></html>
