<html><body>
<p><em style="background: blue; color: red;"><em style="background: blue;">woot</em></em></p>
</body></html>
