<html><body>
<a href="#" style="text-decoration: underline;">Test</a>
</body></html>
