<html><body>
<a id="a" style="color: red; background: blue; border-style: dashed;">woot</a>
</body></html>
