<html><body>
<a href="#" style="color: red;">Test</a>
<p style="color: red;">Test</p>
</body></html>
