<html><body><a href="#" style="color: green;">Test</a>
<p style="color: green;">Test</p>
</body></html>