<html><body>
<p id="p" style="padding: 0px;">woot</p>
</body></html>
