<html><body>
<div id="wrap" a="b">
  <div class="wrap" id="wrap-2" style="display: inline-block;">
    <div id="a" style="color: red; display: block; background: green; border-color: green;"></div>
  </div>
</div>
</body></html>
