<html><body>
<p style="color: red; background: blue;">The color should stay intact</p>
</body></html>
