<html><body>
<p style="border: 1px solid #f00; margin: 1px;">Test</p>
</body></html>
